
<<<<<<< HEAD
R version 3.6.1 (2019-07-05) -- "Action of the Toes"
Copyright (C) 2019 The R Foundation for Statistical Computing
Platform: x86_64-pc-linux-gnu (64-bit)

R is free software and comes with ABSOLUTELY NO WARRANTY.
You are welcome to redistribute it under certain conditions.
Type 'license()' or 'licence()' for distribution details.
=======
R version 3.5.2 (2018-12-20) -- "Eggshell Igloo"
Copyright (C) 2018 The R Foundation for Statistical Computing
Platform: x86_64-apple-darwin15.6.0 (64-bit)

R est un logiciel libre livré sans AUCUNE GARANTIE.
Vous pouvez le redistribuer sous certaines conditions.
Tapez 'license()' ou 'licence()' pour plus de détails.
>>>>>>> b14c0c62a98c18e5a71ad8e70d25d3b376d00e58

  Natural language support but running in an English locale

R is a collaborative project with many contributors.
Type 'contributors()' for more information and
'citation()' on how to cite R or R packages in publications.

<<<<<<< HEAD
Type 'demo()' for some demos, 'help()' for on-line help, or
'help.start()' for an HTML browser interface to help.
Type 'q()' to quit R.

Warning message:
In libPIns(xLib2, beforeLib = .Library, msgTxt = paste("for Fedora",  :
  .libPaths() contains no entries matching ‘/usr/local64.sfs/app/R/R-3.6.1-inst/library’
[Previously saved workspace restored]

> ## Load data
> require(reticulate)
Loading required package: reticulate
=======
Tapez 'demo()' pour des démonstrations, 'help()' pour l'aide
en ligne ou 'help.start()' pour obtenir l'aide au format HTML.
Tapez 'q()' pour quitter R.

> ## Load data
> require(reticulate)
Le chargement a nécessité le package : reticulate
>>>>>>> b14c0c62a98c18e5a71ad8e70d25d3b376d00e58
> 
> 
> py_run_string("
+ import pickle
<<<<<<< HEAD
+ with open('./predictions.pkl', 'rb') as f:
+     data = pickle.load(f)
+     y = data['labels']
+     preds = data['preds']")
> 
> print(table(py$y))

   0    1    2    3    4    5    6    7    8    9 
1000 1000 1000 1000 1000 1000 1000 1000 1000 1000 
> 
> 
> ordering.array <- array(dim = c(10,10,nrow(py$preds)))
> for (i in 1:10) {
+   for (j in 1:10) {
+     ordering.array[i,j,] <- py$preds[,j]-py$preds[,i]
+   }
+ }
> 
> mat <- dWit::getTvLbDistanceMatrix(labels = py$y, ordering.array = ordering.array)
> rownames(mat) <- colnames(mat) <- c('plane', 'car', 'bird', 'cat',
+            'deer', 'dog', 'frog', 'horse', 'ship', 'truck')
> print(mat)
      plane  car bird  cat deer  dog frog horse ship truck
plane  0.00 0.70 0.60 0.67 0.69 0.72 0.77  0.73 0.47  0.65
car    0.70 0.00 0.79 0.78 0.82 0.80 0.83  0.81 0.68  0.56
bird   0.60 0.79 0.00 0.37 0.37 0.44 0.55  0.56 0.70  0.75
cat    0.67 0.78 0.37 0.00 0.44 0.17 0.55  0.51 0.70  0.72
deer   0.69 0.82 0.37 0.44 0.00 0.47 0.59  0.52 0.75  0.77
dog    0.72 0.80 0.44 0.17 0.47 0.00 0.60  0.51 0.77  0.76
frog   0.77 0.83 0.55 0.55 0.59 0.60 0.00  0.73 0.77  0.80
horse  0.73 0.81 0.56 0.51 0.52 0.51 0.73  0.00 0.77  0.76
ship   0.47 0.68 0.70 0.70 0.75 0.77 0.77  0.77 0.00  0.64
truck  0.65 0.56 0.75 0.72 0.77 0.76 0.80  0.76 0.64  0.00
> save(mat, file="distance.Rdata")
> 
> proc.time()
   user  system elapsed 
 45.507   0.747  24.029 
=======
+ with open('./cifar10/predictions_cifar10.pkl', 'rb') as f:
+     data = pickle.load(f)
+     y = data['labels']
+     preds = data['predictions']")
Error in py_run_string_impl(code, local, convert) : 
  ValueError: unsupported pickle protocol: 3

Detailed traceback: 
  File "<string>", line 4, in <module>
  File "//anaconda3/envs/rlinsurance/lib/python2.7/pickle.py", line 1384, in load
    return Unpickler(file).load()
  File "//anaconda3/envs/rlinsurance/lib/python2.7/pickle.py", line 864, in load
    dispatch[key](self)
  File "//anaconda3/envs/rlinsurance/lib/python2.7/pickle.py", line 892, in load_proto
    raise ValueError, "unsupported pickle protocol: %d" % proto
Calls: py_run_string -> py_run_string_impl
Exécution arrêtée
>>>>>>> b14c0c62a98c18e5a71ad8e70d25d3b376d00e58
